The quick brown fox jumps over the lazy dog.
Jackdaws love my big Sphinx of quartz.
etc. etc.
